=== ControlMux startup ===
[1] Loading config...
[1] Config loaded. persons=2
[2a] new DeviceManager...
[2b] new FocusRouter...
[2c] new OverlayRenderer...
[2d] SyncWithConfig...
[2] Subsystems ready.
[3] Initializing GDI+ overlay...
[3] Overlay OK.
[4] Registering window class...
[4] RegisterClassExW: atom=50146 err=0
[4] CreateWindowExW: hwnd=3083126 err=0
[5] Initializing Raw Input...
[5] Raw Input OK.
[6] Initializing GUI...
[6] GUI init done.
[7] First render...
[7] Render done.
[8] Entering message loop...
